Copyright 1986-2019 Xilinx, Inc. All Rights Reserved.
------------------------------------------------------------------------------------------------------------------------------------------
| Tool Version : Vivado v.2019.1 (win64) Build 2552052 Fri May 24 14:49:42 MDT 2019
| Date         : Wed Mar  2 10:48:47 2022
| Host         : DESKTOP-DSD2UUK running 64-bit major release  (build 9200)
| Command      : report_drc -file design_1_wrapper_drc_routed.rpt -pb design_1_wrapper_drc_routed.pb -rpx design_1_wrapper_drc_routed.rpx
| Design       : design_1_wrapper
| Device       : xc7z020clg400-3
| Speed File   : -3
| Design State : Fully Routed
------------------------------------------------------------------------------------------------------------------------------------------

Report DRC

Table of Contents
-----------------
1. REPORT SUMMARY
2. REPORT DETAILS

1. REPORT SUMMARY
-----------------
            Netlist: netlist
          Floorplan: design_1
      Design limits: <entire design considered>
           Ruledeck: default
             Max violations: <unlimited>
             Violations found: 1
+-----------+----------+-------------------+------------+
| Rule      | Severity | Description       | Violations |
+-----------+----------+-------------------+------------+
| RTSTAT-10 | Warning  | No routable loads | 1          |
+-----------+----------+-------------------+------------+

2. REPORT DETAILS
-----------------
RTSTAT-10#1 Warning
No routable loads  
1355 net(s) have no routable loads. The problem bus(es) and/or net(s) are design_1_i/processing_system7_0/inst/CAN0_PHY_TX, design_1_i/processing_system7_0/inst/CAN1_PHY_TX, design_1_i/processing_system7_0/inst/DMA0_DATYPE[1:0], design_1_i/processing_system7_0/inst/DMA0_DAVALID, design_1_i/processing_system7_0/inst/DMA0_DRREADY, design_1_i/processing_system7_0/inst/DMA0_RSTN, design_1_i/processing_system7_0/inst/DMA1_DATYPE[1:0], design_1_i/processing_system7_0/inst/DMA1_DAVALID, design_1_i/processing_system7_0/inst/DMA1_DRREADY, design_1_i/processing_system7_0/inst/DMA1_RSTN, design_1_i/processing_system7_0/inst/DMA2_DATYPE[1:0], design_1_i/processing_system7_0/inst/DMA2_DAVALID, design_1_i/processing_system7_0/inst/DMA2_DRREADY, design_1_i/processing_system7_0/inst/DMA2_RSTN, design_1_i/processing_system7_0/inst/DMA3_DATYPE[1:0] (the first 15 of 449 listed).
Related violations: <none>


